map_tag_value:
  - id: 3000
    map_tag_id: 500
    map_index_id: 10
    # tag_value is updated from 'BEST' to 'AWESOME'
    map_tag_allowed_value_id: 5002
  - id: 3001
    map_tag_id: 800
    map_index_id: 10
    map_tag_allowed_value_id: 6000
  - id: 3002
    map_tag_id: 800
    map_index_id: 20
    map_tag_allowed_value_id: 6000
