map_index:
  - id: 10
    map_name: map-name
    repo_url: "http-map-repo-url"
    last_commit_date: 2000-12-01 23:59:20.0
