map_index:
  - id: 10
    map_name: map-name
    repo_url: 'http-map-repo-url'
    description: description-repo-1
    download_url: 'http-map-repo-url/archives/master.zip'
    preview_image_url: 'http-preview-image-url'
    download_size_bytes: 4000
    last_commit_date: 2000-12-01 23:59:20.0
    default_branch: 'master'
  - id: 20
    map_name: map-name-updated
    repo_url: "http-map-repo-url-2"
    description: description-updated
    download_url: 'http-map-repo-3-download-updated-url'
    preview_image_url: 'http-preview-image-url-3'
    download_size_bytes: 6789
    last_commit_date: 2000-01-12 23:59:00.0
    default_branch: 'default-branch-updated'
